[rospy.client][INFO] 2026-05-18 08:12:18,422: init_node, name[/swing_simple_node], pid[20]
[xmlrpc][INFO] 2026-05-18 08:12:18,424: XML-RPC server binding to 127.0.0.1:0
[xmlrpc][INFO] 2026-05-18 08:12:18,434: Started XML-RPC server [http://localhost:36717/]
[rospy.init][INFO] 2026-05-18 08:12:18,435: ROS Slave URI: [http://localhost:36717/]
[rospy.impl.masterslave][INFO] 2026-05-18 08:12:18,435: _ready: http://localhost:36717/
[rospy.registration][INFO] 2026-05-18 08:12:18,446: Registering with master node http://localhost:11311/
[xmlrpc][INFO] 2026-05-18 08:12:18,447: xml rpc node: starting XML-RPC server
[rospy.init][INFO] 2026-05-18 08:12:18,536: registered with master
[rospy.rosout][INFO] 2026-05-18 08:12:18,536: initializing /rosout core topic
[rospy.rosout][INFO] 2026-05-18 08:12:18,547: connected to core topic /rosout
[rospy.simtime][INFO] 2026-05-18 08:12:18,555: /use_sim_time is not set, will not subscribe to simulated time [/clock] topic
[rosout][INFO] 2026-05-18 08:12:18,580: ✅ 摆动轴节点启动
[rospy.internal][INFO] 2026-05-18 08:12:18,644: topic[/control/kinematics_swing_cmd] adding connection to [http://localhost:42879/], count 0
[rospy.internal][INFO] 2026-05-18 08:12:18,675: topic[/hardware/swing_feedback] adding connection to [http://localhost:44769/], count 0
[rospy.internal][INFO] 2026-05-18 08:12:18,722: topic[/hardware/swing_output] adding connection to [/feedback_node], count 0
[rospy.internal][INFO] 2026-05-18 08:12:18,799: topic[/rosout] adding connection to [/rosout], count 0
[rospy.internal][INFO] 2026-05-18 08:12:18,959: topic[/control/sensor_cmd] adding connection to [/pressure_sensor_control_node], count 0
[rospy.internal][INFO] 2026-05-18 08:13:14,800: topic[/control/adjust_swing_cmd] adding connection to [http://localhost:42261/], count 0
[rospy.internal][INFO] 2026-05-18 08:13:14,879: topic[/hardware/swing_output] adding connection to [/full_workflow_test_node], count 1
[rospy.internal][INFO] 2026-05-18 08:13:17,874: topic[/control/adjust_swing_cmd] removing connection to http://localhost:42261/
[rospy.internal][INFO] 2026-05-18 08:13:18,259: topic[/hardware/swing_output] removing connection to /full_workflow_test_node
[rospy.internal][INFO] 2026-05-18 08:14:08,141: topic[/hardware/swing_output] adding connection to [/full_workflow_test_node], count 1
[rospy.internal][INFO] 2026-05-18 08:14:08,195: topic[/control/adjust_swing_cmd] adding connection to [http://localhost:43019/], count 0
[rospy.topics][ERROR] 2026-05-18 08:14:13,256: Traceback (most recent call last):
  File "/home/yang/workspaces/robot_ws/devel/lib/python3/dist-packages/robot_control_backend/msg/_IntCmd.py", line 92, in serialize
    length = len(self.position)
TypeError: object of type 'int' has no len()

During handling of the above exception, another exception occurred:

Traceback (most recent call last):
  File "/opt/ros/noetic/lib/python3/dist-packages/rospy/topics.py", line 882, in publish
    self.impl.publish(data)
  File "/opt/ros/noetic/lib/python3/dist-packages/rospy/topics.py", line 1066, in publish
    serialize_message(b, self.seq, message)
  File "/opt/ros/noetic/lib/python3/dist-packages/rospy/msg.py", line 152, in serialize_message
    msg.serialize(b)
  File "/home/yang/workspaces/robot_ws/devel/lib/python3/dist-packages/robot_control_backend/msg/_IntCmd.py", line 97, in serialize
    except TypeError as te: self._check_types(ValueError("%s: '%s' when writing '%s'" % (type(te), str(te), str(locals().get('_x', self)))))
  File "/opt/ros/noetic/lib/python3/dist-packages/genpy/message.py", line 392, in _check_types
    check_type(n, t, getattr(self, n))
  File "/opt/ros/noetic/lib/python3/dist-packages/genpy/message.py", line 311, in check_type
    raise SerializationError('field %s must be a list or tuple type' % field_name)
genpy.message.SerializationError: field position must be a list or tuple type

[rosout][ERROR] 2026-05-18 08:14:13,259: bad callback: <bound method SwingSimple.cmd_callback of <__main__.SwingSimple object at 0x7f5dbead7040>>
Traceback (most recent call last):
  File "/home/yang/workspaces/robot_ws/devel/lib/python3/dist-packages/robot_control_backend/msg/_IntCmd.py", line 92, in serialize
    length = len(self.position)
TypeError: object of type 'int' has no len()

During handling of the above exception, another exception occurred:

Traceback (most recent call last):
  File "/opt/ros/noetic/lib/python3/dist-packages/rospy/topics.py", line 882, in publish
    self.impl.publish(data)
  File "/opt/ros/noetic/lib/python3/dist-packages/rospy/topics.py", line 1066, in publish
    serialize_message(b, self.seq, message)
  File "/opt/ros/noetic/lib/python3/dist-packages/rospy/msg.py", line 152, in serialize_message
    msg.serialize(b)
  File "/home/yang/workspaces/robot_ws/devel/lib/python3/dist-packages/robot_control_backend/msg/_IntCmd.py", line 97, in serialize
    except TypeError as te: self._check_types(ValueError("%s: '%s' when writing '%s'" % (type(te), str(te), str(locals().get('_x', self)))))
  File "/opt/ros/noetic/lib/python3/dist-packages/genpy/message.py", line 392, in _check_types
    check_type(n, t, getattr(self, n))
  File "/opt/ros/noetic/lib/python3/dist-packages/genpy/message.py", line 311, in check_type
    raise SerializationError('field %s must be a list or tuple type' % field_name)
genpy.message.SerializationError: field position must be a list or tuple type

During handling of the above exception, another exception occurred:

Traceback (most recent call last):
  File "/opt/ros/noetic/lib/python3/dist-packages/rospy/topics.py", line 750, in _invoke_callback
    cb(msg)
  File "/home/yang/workspaces/robot_ws/src/ROS_MES/robot_control_backend/scripts/swing_node.py", line 86, in cmd_callback
    self.sensor_trigger_pub.publish(trigger_msg)
  File "/opt/ros/noetic/lib/python3/dist-packages/rospy/topics.py", line 886, in publish
    raise ROSSerializationException(str(e))
rospy.exceptions.ROSSerializationException: field position must be a list or tuple type

[rospy.internal][INFO] 2026-05-18 08:14:25,336: topic[/control/adjust_swing_cmd] removing connection to http://localhost:43019/
[rospy.internal][INFO] 2026-05-18 08:14:25,698: topic[/hardware/swing_output] removing connection to /full_workflow_test_node
[rospy.internal][INFO] 2026-05-18 08:15:34,569: topic[/hardware/swing_feedback] removing connection to http://localhost:44769/
[rospy.internal][INFO] 2026-05-18 08:15:34,794: topic[/hardware/swing_output] removing connection to /feedback_node
[rospy.internal][INFO] 2026-05-18 08:15:35,086: topic[/hardware/swing_output] adding connection to [/feedback_node], count 0
[rospy.internal][INFO] 2026-05-18 08:15:35,160: topic[/hardware/swing_feedback] adding connection to [http://localhost:45311/], count 0
[rospy.internal][INFO] 2026-05-18 08:15:35,831: topic[/control/kinematics_swing_cmd] removing connection to http://localhost:42879/
[rospy.internal][INFO] 2026-05-18 08:15:36,176: topic[/control/kinematics_swing_cmd] adding connection to [http://localhost:37531/], count 0
[rospy.internal][INFO] 2026-05-18 08:15:36,779: topic[/control/sensor_cmd] adding connection to [/pressure_sensor_control_node], count 1
[rospy.internal][INFO] 2026-05-18 08:15:36,779: topic[/control/sensor_cmd] removing connection to /pressure_sensor_control_node
[rospy.impl.masterslave][INFO] 2026-05-18 08:15:37,410: external shutdown request from [/master]: [/swing_simple_node] Reason: new node registered with same name
[rospy.core][INFO] 2026-05-18 08:15:37,410: signal_shutdown [external shutdown request from [/master]: [[/swing_simple_node] Reason: new node registered with same name]]
[rospy.internal][INFO] 2026-05-18 08:15:37,416: topic[/rosout] removing connection to /rosout
[rospy.internal][INFO] 2026-05-18 08:15:37,416: topic[/hardware/swing_output] removing connection to /feedback_node
[rospy.internal][INFO] 2026-05-18 08:15:37,417: topic[/control/sensor_cmd] removing connection to /pressure_sensor_control_node
[rospy.internal][INFO] 2026-05-18 08:15:37,417: topic[/control/kinematics_swing_cmd] removing connection to http://localhost:37531/
[rospy.internal][INFO] 2026-05-18 08:15:37,418: topic[/hardware/swing_feedback] removing connection to http://localhost:45311/
[rospy.core][INFO] 2026-05-18 08:15:37,430: signal_shutdown [atexit]
